// Jest Snapshot v1, https://goo.gl/fbAQLP

exports[`renders as fullscreen 1`] = `
<div>
  <div>
    <div
      class="grid-container"
    >
      <div
        class="item1"
      >
        1
      </div>
      <div
        class="item2"
      >
        2
      </div>
      <div
        class="item3"
      >
        3
      </div>
      <div
        class="item4"
      >
        4
      </div>
      <div
        class="item5"
      >
        5
      </div>
      <div
        class="item6"
      >
        6
      </div>
      <div
        class="item7"
      >
        7
      </div>
      <div
        class="item8"
      >
        8
      </div>
      <div
        class="item9"
      >
        9
      </div>
    </div>
  </div>
</div>
`;

exports[`renders as mobile 1`] = `
<div>
  <div>
    <div
      class="grid-container-small"
    >
      <div
        class="item-small1"
      >
        1
      </div>
      <div
        class="item-small3"
      >
        3
      </div>
      <div
        class="item-small4"
      >
        4
      </div>
      <div
        class="item-small2"
      >
        2
      </div>
      <div
        class="item-small7"
      >
        7
      </div>
      <div
        class="item-small5"
      >
        5
      </div>
      <div
        class="item-small8"
      >
        8
      </div>
      <div
        class="item-small6"
      >
        6
      </div>
      <div
        class="item-small9"
      >
        9
      </div>
    </div>
  </div>
</div>
`;
